@1 10100000
@2 10100001
@1f 01020100
@1e 10100000
